
============================================================
  1. Health Check
============================================================
  [PASS] GET /health: 200 (expected 200)

============================================================
  2. Create Confirmed Test User (Supabase Admin)
============================================================
  [PASS] Created confirmed test user: fridgetest_5f898179@test.com (id: 237867a4-3c82-4c9a-9465-478988f86b60)
  [PASS] Got JWT: eyJhbGciOiJFUzI1NiIsImtpZ...

============================================================
  3. Add Fridge Item (POST /fridge/items)
============================================================
  [FAIL] POST /fridge/items (Milk): 401 (expected 201)
     Body: {"detail":"Missing Authorization header."}
  [FAIL] POST /fridge/items (Eggs): 401 (expected 201)
     Body: {"detail":"Missing Authorization header."}

============================================================
  4. List Fridge Items (GET /fridge/items)
============================================================
  [FAIL] GET /fridge/items: 401 (expected 200)
     Body: {"detail":"Missing Authorization header."}

============================================================
  5. Update Item (PUT /fridge/items/{id})
============================================================
  [FAIL] PUT /fridge/items: 401 (expected 200)
     Body: {"detail":"Missing Authorization header."}

============================================================
  6. Inventory (GET /fridge/inventory)
============================================================
  [FAIL] GET /fridge/inventory: 401 (expected 200)
     Body: {"detail":"Missing Authorization header."}

============================================================
  7. Delete Item (DELETE /fridge/items/{id})
============================================================
  [FAIL] DELETE /fridge/items: 401 (expected 204)
     Body: {"detail":"Missing Authorization header."}

============================================================
  8. Auth Guard Tests
============================================================
  [PASS] No auth header -> 401: 401 (expected 401)
  [PASS] Bad token -> 401: 401 (expected 401)

============================================================
  9. Validation Tests
============================================================
  [FAIL] Invalid body -> 422: 401 (expected 422)
     Body: {"detail":"Missing Authorization header."}

============================================================
  10. Not Found Test
============================================================
  [FAIL] Update non-existent -> 404: 401 (expected 404)
     Body: {"detail":"Missing Authorization header."}
  [FAIL] Delete non-existent -> 404: 401 (expected 404)
     Body: {"detail":"Missing Authorization header."}

============================================================
  CLEANUP
============================================================
  Cleanup: deleted test user (200)

============================================================
  TEST SUMMARY
============================================================
  Passed: 3/12
  9 test(s) failed
